// Jest Snapshot v1, https://goo.gl/fbAQLP

exports[`AvatarComponent should match snapshot 1`] = `
<md-avatar
  _size={[Function String]}
  _type=""
  alt=""
  ariaLabel=""
  backgroundColor=""
  buttonClassName=""
  click={[Function EventEmitter]}
  clickable="false"
  color=""
  elementRef={[Function ElementRef]}
  failureBadge="false"
  hasNotification="false"
  hideDefaultTooltip="false"
  image="undefined"
  isDecrypting="false"
  isImageErrored="false"
  isImageLoaded="false"
  isOverview="false"
  title={[Function String]}
>
  <span
    class="md-avatar__letter"
    ng-reflect-klass="md-avatar__letter"
    ng-reflect-ng-class="[object Object]"
    ng-reflect-ng-style="[object Object]"
  >
    TN
  </span>
</md-avatar>
`;
