// Jest Snapshot v1, https://jestjs.io/docs/snapshot-testing

exports[`tests for <TabList /> should match SnapShot 1`] = `
<ul className="md-tab__list" role="tablist">
  <Tab heading="one" active={false} className="" disabled={false} focus={true} preventFocus={false} myKey={0} onKeyDown={[Function: onKeyDown]} onPress={[Function: onPress]} role="tab" isType="pills" refName="navLink" />
</ul>
`;
