// Jest Snapshot v1, https://goo.gl/fbAQLP

exports[`tests for <TabList /> should match SnapShot 1`] = `
<ul
  className="md-tab__list"
  role="tablist"
>
  <Tab
    active={false}
    className=""
    disabled={false}
    focus={true}
    heading="one"
    isType="pills"
    key=".0"
    myKey={0}
    onKeyDown={[Function]}
    onPress={[Function]}
    preventFocus={false}
    refName="navLink"
    role="tab"
  />
</ul>
`;
