// Jest Snapshot v1, https://goo.gl/fbAQLP

exports[`tests for <Accordion /> should match SnapShot 1`] = `
<div
  className="md-accordion"
>
  <AccordionGroup
    className=""
    disabled={false}
    focus={true}
    isExpanded={false}
    key=".0"
    onClick={[Function]}
    onKeyDown={[Function]}
    showSeparator={false}
  >
    <AccordionHeader
      className=""
      disabled={false}
      focus={false}
      height=""
      showSeparator={true}
    >
      <span>
        Hi
      </span>
    </AccordionHeader>
    <AccordionContent
      className=""
    >
      <span>
        Hello
      </span>
    </AccordionContent>
  </AccordionGroup>
</div>
`;
