// Jest Snapshot v1, https://goo.gl/fbAQLP

exports[`tests for <ToggleSwitch /> should match SnapShot 1`] = `
<div
  className="md-input-container md-toggle-switch"
>
  <input
    aria-checked={false}
    checked={false}
    className="md-input md-toggle-switch__input"
    disabled={false}
    id="test123"
    name=""
    onChange={null}
    onClick={[Function]}
    tabIndex={0}
    type="checkbox"
    value=""
  />
  <label
    className="md-toggle-switch__label"
    htmlFor="test123"
  >
    <span
      className="md-toggle-switch__label__container"
    />
    <span
      className="md-toggle-switch__label__text"
    />
  </label>
</div>
`;
