// Jest Snapshot v1, https://jestjs.io/docs/snapshot-testing

exports[`tests for <ToggleSwitch /> should match SnapShot 1`] = `
<div className="md-input-container md-toggle-switch">
  <input className="md-input md-toggle-switch__input" type="checkbox" disabled={false} aria-checked={false} checked={false} name="" value="" id="test123" onChange={{...}} tabIndex={0} onClick={[Function: onClick]} />
  <label className="md-toggle-switch__label" htmlFor="test123">
    <span className="md-toggle-switch__label__container" />
    <span className="md-toggle-switch__label__text" />
  </label>
</div>
`;
