// Jest Snapshot v1, https://jestjs.io/docs/snapshot-testing

exports[`<Topbar /> should render a Topbar 1`] = `
<div className="md-top-bar md-top-bar--dark" role="navigation">
  <div className="md-top-bar__container">
    <div className="md-top-bar__brand">
      <a className="md-brand" href={{...}}>
        <div className="md-brand__logo">
          <i className="icon icon-cisco-logo" />
        </div>
      </a>
    </div>
  </div>
</div>
`;
