// Jest Snapshot v1, https://goo.gl/fbAQLP

exports[`CompositeAvatarComponent should match snapshot 1`] = `
<test-app>
  <md-composite-avatar
    class="md-composite-avatar md-composite-avatar--medium"
    id="test-composite-avatar"
  >
    <md-avatar
      class="md-avatar md-avatar--medium"
      ng-reflect-title="test1"
      title="test1"
    >






      <span
        class="md-avatar__letter"
        ng-reflect-klass="md-avatar__letter"
        ng-reflect-ng-class="[object Object]"
        ng-reflect-ng-style="[object Object]"
      >
        t
      </span>














    </md-avatar>
    <md-avatar
      class="md-avatar md-avatar--medium"
      ng-reflect-title="test2"
      title="test2"
    >






      <span
        class="md-avatar__letter"
        ng-reflect-klass="md-avatar__letter"
        ng-reflect-ng-class="[object Object]"
        ng-reflect-ng-style="[object Object]"
      >
        t
      </span>














    </md-avatar>
  </md-composite-avatar><md-composite-avatar
    class="md-composite-avatar md-composite-avatar--small"
    id="test-composite-avatar-small"
    ng-reflect-size="small"
    size="small"
  >
    <md-avatar
      class="md-avatar md-avatar--medium"
      ng-reflect-title="test1"
      title="test1"
    >






      <span
        class="md-avatar__letter"
        ng-reflect-klass="md-avatar__letter"
        ng-reflect-ng-class="[object Object]"
        ng-reflect-ng-style="[object Object]"
      >
        t
      </span>














    </md-avatar>
    <md-avatar
      class="md-avatar md-avatar--medium"
      ng-reflect-title="test2"
      title="test2"
    >






      <span
        class="md-avatar__letter"
        ng-reflect-klass="md-avatar__letter"
        ng-reflect-ng-class="[object Object]"
        ng-reflect-ng-style="[object Object]"
      >
        t
      </span>














    </md-avatar>
  </md-composite-avatar><md-composite-avatar
    class="md-composite-avatar md-composite-avatar--28"
    id="test-composite-avatar-28"
    ng-reflect-size="28"
    size="28"
  >
    <md-avatar
      class="md-avatar md-avatar--medium"
      ng-reflect-title="test1"
      title="test1"
    >






      <span
        class="md-avatar__letter"
        ng-reflect-klass="md-avatar__letter"
        ng-reflect-ng-class="[object Object]"
        ng-reflect-ng-style="[object Object]"
      >
        t
      </span>














    </md-avatar>
    <md-avatar
      class="md-avatar md-avatar--medium"
      ng-reflect-title="test2"
      title="test2"
    >






      <span
        class="md-avatar__letter"
        ng-reflect-klass="md-avatar__letter"
        ng-reflect-ng-class="[object Object]"
        ng-reflect-ng-style="[object Object]"
      >
        t
      </span>














    </md-avatar>
  </md-composite-avatar><md-composite-avatar
    class="md-composite-avatar md-composite-avatar--40"
    id="test-composite-avatar-40"
    ng-reflect-size="40"
    size="40"
  >
    <md-avatar
      class="md-avatar md-avatar--medium"
      ng-reflect-title="test1"
      title="test1"
    >






      <span
        class="md-avatar__letter"
        ng-reflect-klass="md-avatar__letter"
        ng-reflect-ng-class="[object Object]"
        ng-reflect-ng-style="[object Object]"
      >
        t
      </span>














    </md-avatar>
    <md-avatar
      class="md-avatar md-avatar--medium"
      ng-reflect-title="test2"
      title="test2"
    >






      <span
        class="md-avatar__letter"
        ng-reflect-klass="md-avatar__letter"
        ng-reflect-ng-class="[object Object]"
        ng-reflect-ng-style="[object Object]"
      >
        t
      </span>














    </md-avatar>
  </md-composite-avatar><md-composite-avatar
    class="md-composite-avatar md-composite-avatar--84"
    id="test-composite-avatar-84"
    ng-reflect-size="84"
    size="84"
  >
    <md-avatar
      class="md-avatar md-avatar--medium"
      ng-reflect-title="test1"
      title="test1"
    >






      <span
        class="md-avatar__letter"
        ng-reflect-klass="md-avatar__letter"
        ng-reflect-ng-class="[object Object]"
        ng-reflect-ng-style="[object Object]"
      >
        t
      </span>














    </md-avatar>
    <md-avatar
      class="md-avatar md-avatar--medium"
      ng-reflect-title="test2"
      title="test2"
    >






      <span
        class="md-avatar__letter"
        ng-reflect-klass="md-avatar__letter"
        ng-reflect-ng-class="[object Object]"
        ng-reflect-ng-style="[object Object]"
      >
        t
      </span>














    </md-avatar>
  </md-composite-avatar><md-composite-avatar
    class="md-composite-avatar md-composite-avatar--large"
    id="test-composite-avatar-large"
    ng-reflect-size="large"
    size="large"
  >
    <md-avatar
      class="md-avatar md-avatar--medium"
      ng-reflect-title="test1"
      title="test1"
    >






      <span
        class="md-avatar__letter"
        ng-reflect-klass="md-avatar__letter"
        ng-reflect-ng-class="[object Object]"
        ng-reflect-ng-style="[object Object]"
      >
        t
      </span>














    </md-avatar>
    <md-avatar
      class="md-avatar md-avatar--medium"
      ng-reflect-title="test2"
      title="test2"
    >






      <span
        class="md-avatar__letter"
        ng-reflect-klass="md-avatar__letter"
        ng-reflect-ng-class="[object Object]"
        ng-reflect-ng-style="[object Object]"
      >
        t
      </span>














    </md-avatar>
  </md-composite-avatar><md-composite-avatar
    class="md-composite-avatar md-composite-avatar--135"
    id="test-composite-avatar-135"
    ng-reflect-size="135"
    size="135"
  >
    <md-avatar
      class="md-avatar md-avatar--medium"
      ng-reflect-title="test1"
      title="test1"
    >






      <span
        class="md-avatar__letter"
        ng-reflect-klass="md-avatar__letter"
        ng-reflect-ng-class="[object Object]"
        ng-reflect-ng-style="[object Object]"
      >
        t
      </span>














    </md-avatar>
    <md-avatar
      class="md-avatar md-avatar--medium"
      ng-reflect-title="test2"
      title="test2"
    >






      <span
        class="md-avatar__letter"
        ng-reflect-klass="md-avatar__letter"
        ng-reflect-ng-class="[object Object]"
        ng-reflect-ng-style="[object Object]"
      >
        t
      </span>














    </md-avatar>
  </md-composite-avatar><md-composite-avatar
    class="md-composite-avatar md-composite-avatar--large"
    id="test-composite-avatar-single"
    ng-reflect-size="large"
    size="large"
  >
    <md-avatar
      class="md-avatar md-avatar--medium"
      ng-reflect-title="test1"
      title="test1"
    >






      <span
        class="md-avatar__letter"
        ng-reflect-klass="md-avatar__letter"
        ng-reflect-ng-class="[object Object]"
        ng-reflect-ng-style="[object Object]"
      >
        t
      </span>














    </md-avatar>
  </md-composite-avatar><md-composite-avatar
    class="md-composite-avatar md-composite-avatar--large"
    id="test-composite-avatar-wrapped"
    ng-reflect-size="large"
    size="large"
  >
    <div>
      <md-avatar
        class="md-avatar md-avatar--medium"
        ng-reflect-title="test1"
        title="test1"
      >






        <span
          class="md-avatar__letter"
          ng-reflect-klass="md-avatar__letter"
          ng-reflect-ng-class="[object Object]"
          ng-reflect-ng-style="[object Object]"
        >
          t
        </span>














      </md-avatar>
    </div>
  </md-composite-avatar>
</test-app>
`;
