// Jest Snapshot v1, https://jestjs.io/docs/snapshot-testing

exports[`tests for <DatePicker /> should show the calendar when focusing on the date input 1`] = `
<div className="md-datepicker-container">
  <div className="trigger" onClick={[Function (anonymous)]} onKeyDown={[Function (anonymous)]}>
    Select Date
  </div>
</div>
`;
