// Jest Snapshot v1, https://jestjs.io/docs/snapshot-testing

exports[`tests for <ContentItem /> should match SnapShot 1`] = `
<div>
  <ChatContentItem actionNode={{...}} aspect="sixteenNine" className="" content={{...}} fileSize="" height={[undefined]} isProtected={false} loading={false} style={{...}} title="" type="chat" width={[undefined]} gifIcon="" onClick={{...}} />
</div>
`;
