// Jest Snapshot v1, https://goo.gl/fbAQLP

exports[`SpinnerComponent should create and match snapshot 1`] = `
<md-spinner
  checkPercentage={[Function Function]}
  color={[Function String]}
  showCheck="false"
  showPercentage="false"
  size={[Function Number]}
  sizeCheck={[Function Function]}
>
  <i
    class="md-spinner md-spinner--36 md-spinner--black"
    ng-reflect-klass="md-spinner"
    ng-reflect-ng-class="[object Object]"
  />
</md-spinner>
`;
