// Jest Snapshot v1, https://goo.gl/fbAQLP

exports[`SpinnerComponent should create and match snapshot 1`] = `
<cui-spinner
  checkPercentage={[Function Function]}
  color={[Function String]}
  showCheck="false"
  showPercentage="false"
  size={[Function Number]}
  sizeCheck={[Function Function]}
>
  <i
    class="cui-spinner cui-spinner--36 cui-spinner--black"
    ng-reflect-klass="cui-spinner"
    ng-reflect-ng-class="[object Object]"
  />
</cui-spinner>
`;
