// Jest Snapshot v1, https://goo.gl/fbAQLP

exports[`tests for <Tooltip /> should match SnapShot 1`] = `
<Popover
  autoFocusOnFirstElt={false}
  className="md-tooltip"
  closeOnFocusLeavesContent={false}
  content={
    <span
      className="md-tooltip__text"
    >
      test
    </span>
  }
  delay={0}
  doesAnchorToggle={true}
  hideDelay={0}
  hoverDelay={500}
  includeFocusOnHover={true}
  onClose={null}
  overflowType="auto"
  popoverTrigger="MouseEnter"
  showArrow={true}
  showDelay={0}
  startOpen={false}
>
  <div>
    Hi
  </div>
</Popover>
`;
