// Jest Snapshot v1, https://jestjs.io/docs/snapshot-testing

exports[`tests for <Tooltip /> should match SnapShot 1`] = `
<Popover className="md-tooltip" content={{...}} popoverTrigger="MouseEnter" showArrow={true} autoFocusOnFirstElt={false} closeOnFocusLeavesContent={false} delay={0} doesAnchorToggle={true} hideDelay={0} hoverDelay={500} includeFocusOnHover={true} onClose={{...}} overflowType="auto" showDelay={0} startOpen={false}>
  <div>
    Hi
  </div>
</Popover>
`;
