// Jest Snapshot v1, https://jestjs.io/docs/snapshot-testing

exports[`Tests for <Icon /> Test the accessibilty of <Icon /> should match SnapShot 1`] = `<i className="md-icon icon icon-accessibility_16" aria-label="Test Title This is a test description" style={{...}} title="Test Title" />`;

exports[`Tests for <Icon /> Test the colors of <Icon /> should match SnapShot 1`] = `<i className="md-icon icon icon-accessibility_16" aria-label={{...}} style={{...}} />`;

exports[`Tests for <Icon /> Test the sizes of <Icon /> should match SnapShot 1`] = `<i className="md-icon icon icon-accessibility_16 testClass" aria-label={{...}} style={{...}} />`;

exports[`Tests for <Icon /> should match SnapShot 1`] = `<i className="md-icon icon icon-accessibility_16 testClass" aria-label={{...}} style={{...}} />`;
