// Jest Snapshot v1, https://jestjs.io/docs/snapshot-testing

exports[`tests for <AccordionHeader /> should match SnapShot 1`] = `
<div role="button" onClick={[undefined]} onKeyDown={[undefined]} tabIndex={0} className="md-accordion__header md-accordion__header--separator">
  <span className="md-accordion__header-icon" />
</div>
`;
