// Jest Snapshot v1, https://goo.gl/fbAQLP

exports[`tests for <Checkbox /> should match SnapShot 1`] = `
<div
  className="md-input-container md-checkbox "
>
  <input
    aria-checked={false}
    autoFocus={false}
    checked={false}
    className="md-input md-checkbox__input"
    disabled={false}
    id="test123"
    name=""
    onChange={[Function]}
    required={false}
    tabIndex={0}
    type="checkbox"
    value=""
  />
  <Label
    className="md-checkbox__label"
    htmlFor="test123"
    label=""
    theme=""
  />
</div>
`;
