// Jest Snapshot v1, https://jestjs.io/docs/snapshot-testing

exports[`tests for <Checkbox /> should match SnapShot 1`] = `
<div className="md-input-container md-checkbox ">
  <input aria-checked={false} className="md-input md-checkbox__input" type="checkbox" disabled={false} checked={false} required={false} name="" value="" onChange={[Function: onChange]} tabIndex={0} id="test123" autoFocus={false} />
  <Label className="md-checkbox__label" label="" htmlFor="test123" theme="" />
</div>
`;
