// Jest Snapshot v1, https://jestjs.io/docs/snapshot-testing

exports[`tests for <CallControl /> should match SnapShot 1`] = `
<ContextTransform(Button) ariaLabel="test" circle={true} className="md-call-control" color="dark-gray" disabled={false} onClick={{...}} size={56}>
  <Icon name="microphone-muted_24" color="white-100" append={false} ariaLabel={{...}} buttonClassName="" buttonProps={{...}} className="" description="" onClick={{...}} prepend={false} size={{...}} sizeOverride={false} style={{...}} title="" type="" />
</ContextTransform(Button)>
`;
