// Jest Snapshot v1, https://jestjs.io/docs/snapshot-testing

exports[`tests for <Lightbox /> should match SnapShot 1`] = `
<Displaced includeDefaultStyles={false} getApplicationNode={[Function: getApplicationNode]} onExit={[Function (anonymous)]} focusDialog={true} titleId="md-lightbox" dialogClass="md-lightbox" underlayClass="md-lightbox__container" mounted={true}>
  <div className="md-lightbox__header">
    <div className="md-lightbox__header-item--left">
      <div className="md-lightbox__header-meta">
        <div className="md-lightbox__header-sharer" />
        <div className="md-lightbox__header-timestamp" />
      </div>
    </div>
    <div className="md-lightbox__header-item--center">
      <div className="md-lightbox__header-name">
        test
      </div>
    </div>
    <div className="md-lightbox__header-item--right">
      <Tooltip popoverProps={{...}} tooltip="Exit" className="" tooltipTrigger="MouseEnter" width={{...}}>
        <div className="md-lightbox__control" onClick={[Function (anonymous)]} role="button" tabIndex="0" onKeyPress={[Function (anonymous)]}>
          <Icon name="cancel_16" append={false} ariaLabel={{...}} buttonClassName="" buttonProps={{...}} color="" className="" description="" onClick={{...}} prepend={false} size={{...}} sizeOverride={false} style={{...}} title="" type="" />
        </div>
      </Tooltip>
    </div>
  </div>
  <div className="md-lightbox__body">
    <div className="md-lightbox__content" onClick={[Function (anonymous)]} onKeyPress={[Function (anonymous)]} role="button" tabIndex="0">
      <div className="md-lightbox__viewport md-lightbox__viewport--decrypting">
        <Spinner className="md-lightbox__decrypting-spinner" color="black" percentage={{...}} showCheck={false} showPercentage={false} size={36} />
        <div className="md-lightbox__viewport-wrapper" style={{...}}>
          <img alt="" className="md-lightbox__viewport-image" draggable="false" onClick={[Function (anonymous)]} onKeyPress={[Function (anonymous)]} onDoubleClick={[Function: onDoubleClick]} onDragStart={[Function: onDragStart]} src="testImage" />
        </div>
      </div>
      <div className="md-lightbox__viewer-controls" onClick={[Function (anonymous)]} onKeyPress={[Function (anonymous)]} role="button" tabIndex="0">
        <div className="md-lightbox__controls" style={{...}}>
          <Tooltip tooltip="Zoom out" className="" popoverProps={{...}} tooltipTrigger="MouseEnter" width={{...}}>
            <div className="md-lightbox__control" onClick={[Function: onClick]} role="button" tabIndex="0" onKeyPress={[Function: onKeyPress]}>
              <Icon name="zoom-out_16" append={false} ariaLabel={{...}} buttonClassName="" buttonProps={{...}} color="" className="" description="" onClick={{...}} prepend={false} size={{...}} sizeOverride={false} style={{...}} title="" type="" />
            </div>
          </Tooltip>
          <span className="md-lightbox__control-value">
            100
            %
          </span>
          <Tooltip tooltip="Zoom in" className="" popoverProps={{...}} tooltipTrigger="MouseEnter" width={{...}}>
            <div className="md-lightbox__control" role="button" onClick={[Function: onClick]} tabIndex="0" onKeyPress={[Function: onKeyPress]}>
              <Icon name="zoom-in_16" append={false} ariaLabel={{...}} buttonClassName="" buttonProps={{...}} color="" className="" description="" onClick={{...}} prepend={false} size={{...}} sizeOverride={false} style={{...}} title="" type="" />
            </div>
          </Tooltip>
        </div>
        <div className="md-lightbox__controls">
          <span className="md-lightbox__control-value">
            1
          </span>
        </div>
        <div className="md-lightbox__controls" style={{...}}>
          <span className="md-lightbox__control-value" />
          <Tooltip tooltip="Download" className="" popoverProps={{...}} tooltipTrigger="MouseEnter" width={{...}}>
            <div className="md-lightbox__control md-lightbox__control-download" tabIndex="0" role="button" onClick={[Function (anonymous)]} onKeyPress={[Function (anonymous)]}>
              <Icon name="download_16" append={false} ariaLabel={{...}} buttonClassName="" buttonProps={{...}} color="" className="" description="" onClick={{...}} prepend={false} size={{...}} sizeOverride={false} style={{...}} title="" type="" />
            </div>
          </Tooltip>
        </div>
      </div>
    </div>
  </div>
</Displaced>
`;
