// Jest Snapshot v1, https://goo.gl/fbAQLP

exports[`tests for <Lightbox /> should match SnapShot 1`] = `
<Displaced
  dialogClass="md-lightbox"
  focusDialog={true}
  getApplicationNode={[Function]}
  includeDefaultStyles={false}
  mounted={true}
  onExit={[Function]}
  titleId="md-lightbox"
  underlayClass="md-lightbox__container"
>
  <div
    className="md-lightbox__header"
  >
    <div
      className="md-lightbox__header-item--left"
    >
      <div
        className="md-lightbox__header-meta"
      >
        <div
          className="md-lightbox__header-sharer"
        />
        <div
          className="md-lightbox__header-timestamp"
        />
      </div>
    </div>
    <div
      className="md-lightbox__header-item--center"
    >
      <div
        className="md-lightbox__header-name"
      >
        test
      </div>
    </div>
    <div
      className="md-lightbox__header-item--right"
    >
      <Tooltip
        className=""
        popoverProps={
          Object {
            "direction": "bottom-right",
            "isContained": true,
          }
        }
        tooltip="Exit"
        tooltipTrigger="MouseEnter"
        width={null}
      >
        <div
          className="md-lightbox__control"
          onClick={[Function]}
          onKeyPress={[Function]}
          role="button"
          tabIndex="0"
        >
          <Icon
            append={false}
            ariaLabel={null}
            buttonClassName=""
            buttonProps={null}
            className=""
            color=""
            description=""
            name="cancel_16"
            onClick={null}
            prepend={false}
            size={null}
            sizeOverride={false}
            style={null}
            title=""
            type=""
          />
        </div>
      </Tooltip>
    </div>
  </div>
  <div
    className="md-lightbox__body"
  >
    <div
      className="md-lightbox__content"
      onClick={[Function]}
      onKeyPress={[Function]}
      role="button"
      tabIndex="0"
    >
      <div
        className="md-lightbox__viewport md-lightbox__viewport--decrypting"
      >
        <Spinner
          className="md-lightbox__decrypting-spinner"
          color="black"
          percentage={null}
          showCheck={false}
          showPercentage={false}
          size={36}
        />
        <div
          className="md-lightbox__viewport-wrapper"
          style={
            Object {
              "height": "100px",
              "width": "100px",
            }
          }
        >
          <img
            alt=""
            className="md-lightbox__viewport-image"
            draggable="false"
            onClick={[Function]}
            onDoubleClick={[Function]}
            onDragStart={[Function]}
            onKeyPress={[Function]}
            src="testImage"
          />
        </div>
      </div>
      <div
        className="md-lightbox__viewer-controls"
        onClick={[Function]}
        onKeyPress={[Function]}
        role="button"
        tabIndex="0"
      >
        <div
          className="md-lightbox__controls"
          style={Object {}}
        >
          <Tooltip
            className=""
            popoverProps={Object {}}
            tooltip="Zoom out"
            tooltipTrigger="MouseEnter"
            width={null}
          >
            <div
              className="md-lightbox__control"
              onClick={[Function]}
              onKeyPress={[Function]}
              role="button"
              tabIndex="0"
            >
              <Icon
                append={false}
                ariaLabel={null}
                buttonClassName=""
                buttonProps={null}
                className=""
                color=""
                description=""
                name="zoom-out_16"
                onClick={null}
                prepend={false}
                size={null}
                sizeOverride={false}
                style={null}
                title=""
                type=""
              />
            </div>
          </Tooltip>
          <span
            className="md-lightbox__control-value"
          >
            100
            %
          </span>
          <Tooltip
            className=""
            popoverProps={Object {}}
            tooltip="Zoom in"
            tooltipTrigger="MouseEnter"
            width={null}
          >
            <div
              className="md-lightbox__control"
              onClick={[Function]}
              onKeyPress={[Function]}
              role="button"
              tabIndex="0"
            >
              <Icon
                append={false}
                ariaLabel={null}
                buttonClassName=""
                buttonProps={null}
                className=""
                color=""
                description=""
                name="zoom-in_16"
                onClick={null}
                prepend={false}
                size={null}
                sizeOverride={false}
                style={null}
                title=""
                type=""
              />
            </div>
          </Tooltip>
        </div>
        <div
          className="md-lightbox__controls"
        >
          <span
            className="md-lightbox__control-value"
          >
            1
          </span>
        </div>
        <div
          className="md-lightbox__controls"
          style={Object {}}
        >
          <span
            className="md-lightbox__control-value"
          />
          <Tooltip
            className=""
            popoverProps={Object {}}
            tooltip="Download"
            tooltipTrigger="MouseEnter"
            width={null}
          >
            <div
              className="md-lightbox__control md-lightbox__control-download"
              onClick={[Function]}
              onKeyPress={[Function]}
              role="button"
              tabIndex="0"
            >
              <Icon
                append={false}
                ariaLabel={null}
                buttonClassName=""
                buttonProps={null}
                className=""
                color=""
                description=""
                name="download_16"
                onClick={null}
                prepend={false}
                size={null}
                sizeOverride={false}
                style={null}
                title=""
                type=""
              />
            </div>
          </Tooltip>
        </div>
      </div>
    </div>
  </div>
</Displaced>
`;
