// Jest Snapshot v1, https://jestjs.io/docs/snapshot-testing

exports[`tests for <CloseWrapper /> should match SnapShot 1`] = `
<span className="md-close-wrapper">
  <Icon ariaLabel="Close" buttonClassName="md-close-wrapper__action" name="clear-active_20" onClick={{...}} append={false} buttonProps={{...}} color="" className="" description="" prepend={false} size={{...}} sizeOverride={false} style={{...}} title="" type="" />
</span>
`;
