// Jest Snapshot v1, https://goo.gl/fbAQLP

exports[`tests for <CloseWrapper /> should match SnapShot 1`] = `
ShallowWrapper {
  Symbol(enzyme.__root__): [Circular],
  Symbol(enzyme.__unrendered__): <CloseWrapper
    actionNode={null}
    ariaLabel="Close"
    className=""
    onClick={null}
  />,
  Symbol(enzyme.__renderer__): Object {
    "batchedUpdates": [Function],
    "checkPropTypes": [Function],
    "getNode": [Function],
    "render": [Function],
    "simulateError": [Function],
    "simulateEvent": [Function],
    "unmount": [Function],
  },
  Symbol(enzyme.__node__): Object {
    "instance": null,
    "key": undefined,
    "nodeType": "host",
    "props": Object {
      "children": Array [
        null,
        <Icon
          append={false}
          ariaLabel="Close"
          buttonClassName="md-close-wrapper__action"
          buttonProps={null}
          className=""
          color=""
          description=""
          name="clear-active_20"
          onClick={null}
          prepend={false}
          size={null}
          sizeOverride={false}
          style={null}
          title=""
          type=""
        />,
      ],
      "className": "md-close-wrapper",
    },
    "ref": null,
    "rendered": Array [
      null,
      Object {
        "instance": null,
        "key": undefined,
        "nodeType": "class",
        "props": Object {
          "append": false,
          "ariaLabel": "Close",
          "buttonClassName": "md-close-wrapper__action",
          "buttonProps": null,
          "className": "",
          "color": "",
          "description": "",
          "name": "clear-active_20",
          "onClick": null,
          "prepend": false,
          "size": null,
          "sizeOverride": false,
          "style": null,
          "title": "",
          "type": "",
        },
        "ref": null,
        "rendered": null,
        "type": [Function],
      },
    ],
    "type": "span",
  },
  Symbol(enzyme.__nodes__): Array [
    Object {
      "instance": null,
      "key": undefined,
      "nodeType": "host",
      "props": Object {
        "children": Array [
          null,
          <Icon
            append={false}
            ariaLabel="Close"
            buttonClassName="md-close-wrapper__action"
            buttonProps={null}
            className=""
            color=""
            description=""
            name="clear-active_20"
            onClick={null}
            prepend={false}
            size={null}
            sizeOverride={false}
            style={null}
            title=""
            type=""
          />,
        ],
        "className": "md-close-wrapper",
      },
      "ref": null,
      "rendered": Array [
        null,
        Object {
          "instance": null,
          "key": undefined,
          "nodeType": "class",
          "props": Object {
            "append": false,
            "ariaLabel": "Close",
            "buttonClassName": "md-close-wrapper__action",
            "buttonProps": null,
            "className": "",
            "color": "",
            "description": "",
            "name": "clear-active_20",
            "onClick": null,
            "prepend": false,
            "size": null,
            "sizeOverride": false,
            "style": null,
            "title": "",
            "type": "",
          },
          "ref": null,
          "rendered": null,
          "type": [Function],
        },
      ],
      "type": "span",
    },
  ],
  Symbol(enzyme.__options__): Object {
    "adapter": ReactSixteenAdapter {
      "options": Object {
        "enableComponentDidUpdateOnSetState": true,
        "legacyContextMode": "parent",
        "lifecycles": Object {
          "componentDidUpdate": Object {
            "onSetState": true,
          },
          "getChildContext": Object {
            "calledByRenderer": false,
          },
          "getDerivedStateFromError": true,
          "getDerivedStateFromProps": Object {
            "hasShouldComponentUpdateBug": false,
          },
          "getSnapshotBeforeUpdate": true,
          "setState": Object {
            "skipsComponentDidUpdateOnNullish": true,
          },
        },
      },
    },
    Symbol(enzyme.__providerValues__): undefined,
  },
  Symbol(enzyme.__providerValues__): Map {},
  Symbol(enzyme.__childContext__): null,
}
`;
