// Jest Snapshot v1, https://goo.gl/fbAQLP

exports[`DrawerComponent should create and match snapshot 1`] = `
<md-drawer
  class="md-drawer md-drawer--right md-drawer--right--medium md-drawer--right--closed "
>
  <p>
    Howdy
  </p>
  <md-icon
    aria-labelledby=""
    class=""
    classname="md-drawer__close"
    name="cancel_14"
    ng-reflect-aria-label="close"
    ng-reflect-class-name="md-drawer__close"
    ng-reflect-name="cancel_14"
    style="display:inline-flex;"
  >
    
    <button
      active="false"
      aria-label="close"
      class="md-button md-button--36 md-button--icon"
      href=""
      md-button=""
      ng-reflect-ng-class="md-button--icon"
      tabindex="0"
      type="button"
    >
      
      <span
        class="md-button__children"
        ng-reflect-ng-style="[object Object]"
        style="opacity: 1;"
      >
        <i
          class="md-icon icon icon-cancel_14 md-drawer__close"
        />
      </span>
    </button>
  </md-icon>
</md-drawer>
`;
