// Jest Snapshot v1, https://goo.gl/fbAQLP

exports[`Input should match aria SnapShot 1`] = `<div class="md-input-group"><label for="1" class="md-label"><span>test</span></label><input tabindex="0" type="text" value="" id="1" aria-describedby="ariaDescribedBy" placeholder="" class="md-input"></div>`;

exports[`Input should match clear SnapShot 1`] = `
<div class="md-input-group" text="text"><label for="1" class="md-label"><span>test</span></label>
  <div class="md-input__icon-container"><input tabindex="0" type="text" value="" id="1" placeholder="" class="md-input"></div>
</div>
`;

exports[`Input should match number SnapShot 1`] = `<div class="md-input-group"><label for="1" class="md-label"><span>test</span></label><input tabindex="0" type="number" value="" id="1" placeholder="" class="md-input"></div>`;

exports[`Input should match password SnapShot 1`] = `<div class="md-input-group"><label for="1" class="md-label"><span>test</span></label><input tabindex="0" type="password" value="" id="1" placeholder="" class="md-input"></div>`;

exports[`Input should match snapshot 1`] = `<div class="md-input-group"><label for="1" class="md-label"><span>test</span></label><input tabindex="0" type="text" value="" id="1" placeholder="" class="md-input"></div>`;
