// Jest Snapshot v1, https://goo.gl/fbAQLP

exports[`tests for <TopbarNav /> should match SnapShot 1`] = `
<nav
  className="md-top-bar__nav"
  id="test"
>
  <List
    active={null}
    ariaConfig={null}
    className=""
    focus={null}
    focusFirst={true}
    focusFirstQuery=""
    focusQuery=""
    id={null}
    itemRole="listitem"
    navigationDirection="both"
    onSelect={null}
    role="list"
    shouldFocusActive={false}
    shouldFocusInitial={true}
    shouldLoop={true}
    shouldPropagateKeyDown={false}
    tabType="horizontal"
    trackActive={true}
    type={null}
    wrap={false}
  />
</nav>
`;
