// Jest Snapshot v1, https://goo.gl/fbAQLP

exports[`tests for <AccordionGroup /> should match SnapShot 1`] = `
<div
  aria-expanded={false}
  className="md-accordion__group"
>
  <AccordionHeader
    className=""
    disabled={false}
    focus={false}
    height=""
    key=".0"
    showSeparator={false}
  />
  <AccordionContent
    className=""
    disabled={false}
    focus={false}
    key=".1"
    showSeparator={false}
  />
</div>
`;
