// Jest Snapshot v1, https://jestjs.io/docs/snapshot-testing

exports[`tests for <AccordionGroup /> should match SnapShot 1`] = `
<div aria-expanded={false} className="md-accordion__group">
  <AccordionHeader className="" disabled={false} focus={false} showSeparator={false} height="" />
  <AccordionContent className="" disabled={false} focus={false} showSeparator={false} />
</div>
`;
