// Jest Snapshot v1, https://jestjs.io/docs/snapshot-testing

exports[`tests for <CollapseButton /> should match SnapShot 1`] = `
<ContextTransform(Button) ariaLabel="expand" className="md-collapse-button md-collapse-button--left" onClick={[Function: onClick]}>
  <Icon name="panel-control-right_12" append={false} ariaLabel={{...}} buttonClassName="" buttonProps={{...}} color="" className="" description="" onClick={{...}} prepend={false} size={{...}} sizeOverride={false} style={{...}} title="" type="" />
</ContextTransform(Button)>
`;
