// Jest Snapshot v1, https://goo.gl/fbAQLP

exports[`tests for <Select /> should match normal SnapShot 1`] = `
ShallowWrapper {
  Symbol(enzyme.__root__): [Circular],
  Symbol(enzyme.__unrendered__): <Select
    buttonProps={null}
    className=""
    defaultValue=""
    id={null}
    isDynamic={true}
    isMulti={false}
    listProps={null}
    onSelect={null}
    overlayProps={null}
  />,
  Symbol(enzyme.__renderer__): Object {
    "batchedUpdates": [Function],
    "checkPropTypes": [Function],
    "getNode": [Function],
    "render": [Function],
    "simulateError": [Function],
    "simulateEvent": [Function],
    "unmount": [Function],
  },
  Symbol(enzyme.__node__): Object {
    "instance": null,
    "key": undefined,
    "nodeType": "function",
    "props": Object {
      "children": <div
        className="md-input-container md-select"
      >
        <ForwardRef(ContextTransform(Button))
          active={false}
          aria-haspopup="listbox"
          ariaLabelledBy="md-select-1__label"
          id="md-select-1"
          name="md-select-1"
          onClick={[Function]}
        >
          <div
            className="md-select__label"
            id="md-select-1__label"
          >
            
            <Icon
              append={false}
              ariaLabel={null}
              buttonClassName=""
              buttonProps={null}
              className=""
              color=""
              description=""
              name="arrow-down_16"
              onClick={null}
              prepend={false}
              size={null}
              sizeOverride={false}
              style={null}
              title=""
              type=""
            />
          </div>
        </ForwardRef(ContextTransform(Button))>
      </div>,
      "value": false,
    },
    "ref": null,
    "rendered": Object {
      "instance": null,
      "key": undefined,
      "nodeType": "host",
      "props": Object {
        "children": Array [
          <ForwardRef(ContextTransform(Button))
            active={false}
            aria-haspopup="listbox"
            ariaLabelledBy="md-select-1__label"
            id="md-select-1"
            name="md-select-1"
            onClick={[Function]}
          >
            <div
              className="md-select__label"
              id="md-select-1__label"
            >
              
              <Icon
                append={false}
                ariaLabel={null}
                buttonClassName=""
                buttonProps={null}
                className=""
                color=""
                description=""
                name="arrow-down_16"
                onClick={null}
                prepend={false}
                size={null}
                sizeOverride={false}
                style={null}
                title=""
                type=""
              />
            </div>
          </ForwardRef(ContextTransform(Button))>,
          false,
        ],
        "className": "md-input-container md-select",
      },
      "ref": null,
      "rendered": Array [
        Object {
          "instance": null,
          "key": undefined,
          "nodeType": "function",
          "props": Object {
            "active": false,
            "aria-haspopup": "listbox",
            "ariaLabelledBy": "md-select-1__label",
            "children": <div
              className="md-select__label"
              id="md-select-1__label"
            >
              
              <Icon
                append={false}
                ariaLabel={null}
                buttonClassName=""
                buttonProps={null}
                className=""
                color=""
                description=""
                name="arrow-down_16"
                onClick={null}
                prepend={false}
                size={null}
                sizeOverride={false}
                style={null}
                title=""
                type=""
              />
            </div>,
            "id": "md-select-1",
            "name": "md-select-1",
            "onClick": [Function],
          },
          "ref": [Function],
          "rendered": Object {
            "instance": null,
            "key": undefined,
            "nodeType": "host",
            "props": Object {
              "children": Array [
                "",
                <Icon
                  append={false}
                  ariaLabel={null}
                  buttonClassName=""
                  buttonProps={null}
                  className=""
                  color=""
                  description=""
                  name="arrow-down_16"
                  onClick={null}
                  prepend={false}
                  size={null}
                  sizeOverride={false}
                  style={null}
                  title=""
                  type=""
                />,
              ],
              "className": "md-select__label",
              "id": "md-select-1__label",
            },
            "ref": null,
            "rendered": Array [
              "",
              Object {
                "instance": null,
                "key": undefined,
                "nodeType": "class",
                "props": Object {
                  "append": false,
                  "ariaLabel": null,
                  "buttonClassName": "",
                  "buttonProps": null,
                  "className": "",
                  "color": "",
                  "description": "",
                  "name": "arrow-down_16",
                  "onClick": null,
                  "prepend": false,
                  "size": null,
                  "sizeOverride": false,
                  "style": null,
                  "title": "",
                  "type": "",
                },
                "ref": null,
                "rendered": null,
                "type": [Function],
              },
            ],
            "type": "div",
          },
          "type": Object {
            "$$typeof": Symbol(react.forward_ref),
            "defaultProps": undefined,
            "propTypes": undefined,
            "render": [Function],
          },
        },
        false,
      ],
      "type": "div",
    },
    "type": Object {
      "$$typeof": Symbol(react.provider),
      "_context": Object {
        "$$typeof": Symbol(react.context),
        "Consumer": Object {
          "$$typeof": Symbol(react.context),
          "_calculateChangedBits": null,
          "_context": [Circular],
        },
        "Provider": [Circular],
        "_calculateChangedBits": null,
        "_currentRenderer": null,
        "_currentRenderer2": null,
        "_currentValue": null,
        "_currentValue2": null,
        "_threadCount": 0,
      },
    },
  },
  Symbol(enzyme.__nodes__): Array [
    Object {
      "instance": null,
      "key": undefined,
      "nodeType": "function",
      "props": Object {
        "children": <div
          className="md-input-container md-select"
        >
          <ForwardRef(ContextTransform(Button))
            active={false}
            aria-haspopup="listbox"
            ariaLabelledBy="md-select-1__label"
            id="md-select-1"
            name="md-select-1"
            onClick={[Function]}
          >
            <div
              className="md-select__label"
              id="md-select-1__label"
            >
              
              <Icon
                append={false}
                ariaLabel={null}
                buttonClassName=""
                buttonProps={null}
                className=""
                color=""
                description=""
                name="arrow-down_16"
                onClick={null}
                prepend={false}
                size={null}
                sizeOverride={false}
                style={null}
                title=""
                type=""
              />
            </div>
          </ForwardRef(ContextTransform(Button))>
        </div>,
        "value": false,
      },
      "ref": null,
      "rendered": Object {
        "instance": null,
        "key": undefined,
        "nodeType": "host",
        "props": Object {
          "children": Array [
            <ForwardRef(ContextTransform(Button))
              active={false}
              aria-haspopup="listbox"
              ariaLabelledBy="md-select-1__label"
              id="md-select-1"
              name="md-select-1"
              onClick={[Function]}
            >
              <div
                className="md-select__label"
                id="md-select-1__label"
              >
                
                <Icon
                  append={false}
                  ariaLabel={null}
                  buttonClassName=""
                  buttonProps={null}
                  className=""
                  color=""
                  description=""
                  name="arrow-down_16"
                  onClick={null}
                  prepend={false}
                  size={null}
                  sizeOverride={false}
                  style={null}
                  title=""
                  type=""
                />
              </div>
            </ForwardRef(ContextTransform(Button))>,
            false,
          ],
          "className": "md-input-container md-select",
        },
        "ref": null,
        "rendered": Array [
          Object {
            "instance": null,
            "key": undefined,
            "nodeType": "function",
            "props": Object {
              "active": false,
              "aria-haspopup": "listbox",
              "ariaLabelledBy": "md-select-1__label",
              "children": <div
                className="md-select__label"
                id="md-select-1__label"
              >
                
                <Icon
                  append={false}
                  ariaLabel={null}
                  buttonClassName=""
                  buttonProps={null}
                  className=""
                  color=""
                  description=""
                  name="arrow-down_16"
                  onClick={null}
                  prepend={false}
                  size={null}
                  sizeOverride={false}
                  style={null}
                  title=""
                  type=""
                />
              </div>,
              "id": "md-select-1",
              "name": "md-select-1",
              "onClick": [Function],
            },
            "ref": [Function],
            "rendered": Object {
              "instance": null,
              "key": undefined,
              "nodeType": "host",
              "props": Object {
                "children": Array [
                  "",
                  <Icon
                    append={false}
                    ariaLabel={null}
                    buttonClassName=""
                    buttonProps={null}
                    className=""
                    color=""
                    description=""
                    name="arrow-down_16"
                    onClick={null}
                    prepend={false}
                    size={null}
                    sizeOverride={false}
                    style={null}
                    title=""
                    type=""
                  />,
                ],
                "className": "md-select__label",
                "id": "md-select-1__label",
              },
              "ref": null,
              "rendered": Array [
                "",
                Object {
                  "instance": null,
                  "key": undefined,
                  "nodeType": "class",
                  "props": Object {
                    "append": false,
                    "ariaLabel": null,
                    "buttonClassName": "",
                    "buttonProps": null,
                    "className": "",
                    "color": "",
                    "description": "",
                    "name": "arrow-down_16",
                    "onClick": null,
                    "prepend": false,
                    "size": null,
                    "sizeOverride": false,
                    "style": null,
                    "title": "",
                    "type": "",
                  },
                  "ref": null,
                  "rendered": null,
                  "type": [Function],
                },
              ],
              "type": "div",
            },
            "type": Object {
              "$$typeof": Symbol(react.forward_ref),
              "defaultProps": undefined,
              "propTypes": undefined,
              "render": [Function],
            },
          },
          false,
        ],
        "type": "div",
      },
      "type": Object {
        "$$typeof": Symbol(react.provider),
        "_context": Object {
          "$$typeof": Symbol(react.context),
          "Consumer": Object {
            "$$typeof": Symbol(react.context),
            "_calculateChangedBits": null,
            "_context": [Circular],
          },
          "Provider": [Circular],
          "_calculateChangedBits": null,
          "_currentRenderer": null,
          "_currentRenderer2": null,
          "_currentValue": null,
          "_currentValue2": null,
          "_threadCount": 0,
        },
      },
    },
  ],
  Symbol(enzyme.__options__): Object {
    "adapter": ReactSixteenAdapter {
      "options": Object {
        "enableComponentDidUpdateOnSetState": true,
        "legacyContextMode": "parent",
        "lifecycles": Object {
          "componentDidUpdate": Object {
            "onSetState": true,
          },
          "getChildContext": Object {
            "calledByRenderer": false,
          },
          "getDerivedStateFromError": true,
          "getDerivedStateFromProps": Object {
            "hasShouldComponentUpdateBug": false,
          },
          "getSnapshotBeforeUpdate": true,
          "setState": Object {
            "skipsComponentDidUpdateOnNullish": true,
          },
        },
      },
    },
    Symbol(enzyme.__providerValues__): undefined,
  },
  Symbol(enzyme.__providerValues__): Map {},
  Symbol(enzyme.__childContext__): null,
}
`;
