// Jest Snapshot v1, https://goo.gl/fbAQLP

exports[`tests for <Select /> should match normal SnapShot 1`] = `
<ContextProvider
  value={false}
>
  <div
    className="md-input-container md-select"
  >
    <ContextTransform(Button)
      active={false}
      aria-haspopup="listbox"
      ariaLabelledBy="md-select-1__label"
      id="md-select-1"
      name="md-select-1"
      onClick={[Function]}
    >
      <div
        className="md-select__label"
        id="md-select-1__label"
      >
        <Icon
          append={false}
          ariaLabel={null}
          buttonClassName=""
          buttonProps={null}
          className=""
          color=""
          description=""
          name="arrow-down_16"
          onClick={null}
          prepend={false}
          size={null}
          sizeOverride={false}
          style={null}
          title=""
          type=""
        />
      </div>
    </ContextTransform(Button)>
  </div>
</ContextProvider>
`;
