// Jest Snapshot v1, https://jestjs.io/docs/snapshot-testing

exports[`tests for <SpaceListMeeting /> should match SnapShot 1`] = `
<ContextTransform(ListItem) className="md-list-item--space-meeting" id="" title="header" type="space">
  <ListItemSection position="left" className="">
    <Avatar className="md-list-item__avatar" title="header" alt="header" backgroundColor="" buttonClassName="" color="" failureBadge={false} hasNotification={false} hideDefaultTooltip={false} icon={{...}} initials={{...}} isDecrypting={false} isOverview={false} onClick={{...}} size="medium" src={{...}} theme={{...}} type="" />
  </ListItemSection>
  <ListItemSection position="center" className="">
    <div className="md-list-item__header">
      header
    </div>
    <div className="md-list-item__subheader" />
  </ListItemSection>
  <ListItemSection position="right" className="" />
</ContextTransform(ListItem)>
`;
