// Jest Snapshot v1, https://goo.gl/fbAQLP

exports[`tests for <ListItemHeader /> should match SnapShot 1`] = `
<ContextTransform(ListItem)
  className="md-list-item-header"
  id=""
  isReadOnly={true}
  title="header"
>
  <ListItemSection
    className=""
    key="child-0"
    position="center"
  >
    <div
      className="md-list-item__header"
    >
      header
    </div>
  </ListItemSection>
  <ListItemSection
    className=""
    key="child-1"
    position="right"
  />
</ContextTransform(ListItem)>
`;
