// Jest Snapshot v1, https://goo.gl/fbAQLP

exports[`tests for <TopbarMobile /> should match SnapShot 1`] = `
<div>
  <Icon
    append={false}
    aria-pressed={false}
    ariaLabel="Open Menu"
    buttonClassName="md-top-bar__mobile-menu-button"
    buttonProps={null}
    className=""
    color=""
    description=""
    name="list-menu_20"
    onClick={[Function]}
    prepend={false}
    size={null}
    sizeOverride={false}
    style={null}
    title=""
    type=""
  />
  <div
    className="md-top-bar__mobile md-tb-mobile"
    id="test"
    onClick={[Function]}
    onKeyDown={[Function]}
    role="menu"
    tabIndex={0}
  >
    <Icon
      append={false}
      aria-pressed={false}
      ariaLabel="Close Menu"
      buttonClassName="md-tb-mobile__close"
      buttonProps={null}
      className=""
      color=""
      description=""
      name="cancel_20"
      onClick={[Function]}
      prepend={false}
      size={null}
      sizeOverride={false}
      style={null}
      title=""
      type=""
    />
    <span
      onClick={[Function]}
      onKeyDown={[Function]}
    />
    <ListSeparator
      className={null}
      lineColor={null}
      margin={null}
      text={null}
      textColor={null}
      textPadding={null}
    />
    <nav
      className="md-tb-mobile__nav"
    />
  </div>
  <div
    className="md-tb-mobile__mask"
    onClick={[Function]}
    role="none"
  />
</div>
`;
