// Jest Snapshot v1, https://goo.gl/fbAQLP

exports[`tests for <ComboBox /> should match SnapShot 1`] = `
<div
  aria-controls="md-combo-box-1"
  aria-expanded={false}
  aria-haspopup="listbox"
  className="md-combo-box"
  role="combobox"
>
  <SearchInput
    aria-autocomplete="list"
    clear={false}
    disabled={false}
    inputRef={[Function]}
    isLoading={false}
    onChange={[Function]}
    onClick={[Function]}
    onKeyDown={[Function]}
    placeholder=""
    value=""
  />
</div>
`;
