// Jest Snapshot v1, https://goo.gl/fbAQLP

exports[`tests for <Radio /> should match SnapShot 1`] = `
<div
  className="md-input-container md-radio "
>
  <input
    checked={false}
    className="md-input md-radio__input"
    disabled={false}
    id="test123"
    name=""
    onChange={[Function]}
    required={false}
    tabIndex={0}
    type="radio"
    value=""
  />
  <Label
    className="md-radio__label"
    htmlFor="test123"
    label=""
    theme=""
  />
</div>
`;
