// Jest Snapshot v1, https://jestjs.io/docs/snapshot-testing

exports[`tests for <Radio /> should match SnapShot 1`] = `
<div className="md-input-container md-radio ">
  <input className="md-input md-radio__input" type="radio" disabled={false} checked={false} required={false} name="" value="" id="test123" onChange={[Function: onChange]} tabIndex={0} />
  <Label className="md-radio__label" label="" htmlFor="test123" theme="" />
</div>
`;
