// Jest Snapshot v1, https://goo.gl/fbAQLP

exports[`tests for <AlertMeeting /> should match SnapShot 1`] = `
<div
  className="md-alert md-alert--meeting"
>
  <Avatar
    alt=""
    backgroundColor=""
    buttonClassName=""
    className={null}
    color=""
    failureBadge={false}
    hasNotification={false}
    hideDefaultTooltip={false}
    icon={null}
    id="testid"
    initials={null}
    isDecrypting={false}
    isOverview={false}
    onClick={null}
    size="medium"
    src={null}
    theme={null}
    title="J $"
    type=""
  />
  <div
    className="md-alert__content"
  >
    <div
      className="md-alert__title"
      title=""
    />
    <div
      className="md-alert__status"
    />
    <div
      className="md-alert__message"
      title=""
    />
  </div>
  <div
    className="md-alert__button"
  >
    <ContextTransform(Button)
      ariaLabel="snooze"
      circle={true}
      onClick={[Function]}
      size={44}
    >
      <Icon
        append={false}
        ariaLabel={null}
        buttonClassName=""
        buttonProps={null}
        className=""
        color=""
        description=""
        name="alarm_16"
        onClick={null}
        prepend={false}
        size={null}
        sizeOverride={false}
        style={null}
        title=""
        type=""
      />
    </ContextTransform(Button)>
  </div>
  <div
    className="md-alert__button"
  >
    <ContextTransform(Button)
      ariaLabel="close"
      circle={true}
      onClick={null}
      size={44}
    >
      <Icon
        append={false}
        ariaLabel={null}
        buttonClassName=""
        buttonProps={null}
        className=""
        color=""
        description=""
        name="cancel_16"
        onClick={null}
        prepend={false}
        size={null}
        sizeOverride={false}
        style={null}
        title=""
        type=""
      />
    </ContextTransform(Button)>
  </div>
</div>
`;
