// Jest Snapshot v1, https://goo.gl/fbAQLP

exports[`tests for <List /> should match SnapShot 1`] = `
<ContextProvider
  value={
    Object {
      "parentKeyDown": [Function],
      "parentOnSelect": [Function],
    }
  }
>
  <ContextProvider
    value={
      Object {
        "active": null,
        "ariaConfig": null,
        "focus": null,
        "role": "listitem",
        "type": null,
      }
    }
  >
    <div
      aria-activedescendant={null}
      className="md-list md-list--vertical"
      focus={null}
      id="test"
      onSelect={null}
      role="list"
    />
  </ContextProvider>
</ContextProvider>
`;
