// Jest Snapshot v1, https://jestjs.io/docs/snapshot-testing

exports[`tests for <EditableTextfield /> should render an Editable Textfield 1`] = `
<span className="md-editable-textfield md-editable-textfield--left">
  <div role="button" tabIndex={0} className="md-editable-textfield__button" onClick={[Function (anonymous)]} onKeyPress={[Function (anonymous)]}>
     
  </div>
</span>
`;
