// Jest Snapshot v1, https://goo.gl/fbAQLP

exports[`tests for <EditableTextfield /> should render an Editable Textfield 1`] = `
<span
  className="md-editable-textfield md-editable-textfield--left"
>
  <div
    className="md-editable-textfield__button"
    onClick={[Function]}
    onKeyPress={[Function]}
    role="button"
    tabIndex={0}
  >
     
  </div>
</span>
`;
