// Jest Snapshot v1, https://goo.gl/fbAQLP

exports[`tests for <ButtonGroup /> should match SnapShot 1`] = `
<ContextProvider
  value={
    Object {
      "parentKeyDown": [Function],
      "parentOnSelect": [Function],
    }
  }
>
  <div
    aria-label=""
    className="md-button-group md-button-group--justified"
    role="group"
  >
    <Component>
      <ContextProvider
        value={
          Object {
            "active": "",
            "focus": null,
            "isButtonGroup": true,
            "width": "60px",
          }
        }
      >
        <ContextTransform(Button)
          ariaLabel="test"
        >
          1
        </ContextTransform(Button)>
      </ContextProvider>
    </Component>
  </div>
</ContextProvider>
`;
