// Jest Snapshot v1, https://jestjs.io/docs/snapshot-testing

exports[`tests for <ButtonGroup /> should match SnapShot 1`] = `
<ContextProvider value={{...}}>
  <div aria-label="" className="md-button-group md-button-group--justified" role="group">
    <UIDReset>
      <ContextProvider value={{...}}>
        <ContextTransform(Button) ariaLabel="test">
          1
        </ContextTransform(Button)>
      </ContextProvider>
    </UIDReset>
  </div>
</ContextProvider>
`;
