// Jest Snapshot v1, https://jestjs.io/docs/snapshot-testing

exports[`tests for <ModalHeader /> should match SnapShot 1`] = `
<div className="md-modal__header" id="test">
  <span className="md-modal__title" role={{...}} aria-level={{...}} aria-label={{...}} />
  <CloseIcon className="md-modal__close" onClick={[Function: onClick]} />
</div>
`;
