// Jest Snapshot v1, https://jestjs.io/docs/snapshot-testing

exports[`tests for <ActivityButton /> should match SnapShot 1`] = `
<ContextTransform(Button) ariaLabel="test" circle={true} className="md-activity md-activity__chat" color={[undefined]} containerLarge={false} disabled={false} onClick={{...}} size={68}>
  <Icon name="chat_28" append={false} ariaLabel={{...}} buttonClassName="" buttonProps={{...}} color="" className="" description="" onClick={{...}} prepend={false} size={{...}} sizeOverride={false} style={{...}} title="" type="" />
</ContextTransform(Button)>
`;
