// Jest Snapshot v1, https://goo.gl/fbAQLP

exports[`tests for <List /> should match SnapShot 1`] = `
ShallowWrapper {
  "length": 1,
  Symbol(enzyme.__root__): [Circular],
  Symbol(enzyme.__unrendered__): <List
    active={null}
    className=""
    id="test"
    isMulti={false}
    itemRole="listItem"
    onSelect={null}
    role="list"
    tabType=""
    type={null}
  />,
  Symbol(enzyme.__renderer__): Object {
    "batchedUpdates": [Function],
    "getNode": [Function],
    "render": [Function],
    "simulateEvent": [Function],
    "unmount": [Function],
  },
  Symbol(enzyme.__node__): Object {
    "instance": null,
    "key": undefined,
    "nodeType": "host",
    "props": Object {
      "aria-activedescendant": undefined,
      "children": null,
      "className": "cui-list",
      "id": "test",
      "onSelect": null,
      "role": "list",
    },
    "ref": null,
    "rendered": null,
    "type": "div",
  },
  Symbol(enzyme.__nodes__): Array [
    Object {
      "instance": null,
      "key": undefined,
      "nodeType": "host",
      "props": Object {
        "aria-activedescendant": undefined,
        "children": null,
        "className": "cui-list",
        "id": "test",
        "onSelect": null,
        "role": "list",
      },
      "ref": null,
      "rendered": null,
      "type": "div",
    },
  ],
  Symbol(enzyme.__options__): Object {
    "adapter": ReactFifteenAdapter {
      "options": Object {
        "supportPrevContextArgumentOfComponentDidUpdate": true,
      },
    },
  },
}
`;
