// Jest Snapshot v1, https://goo.gl/fbAQLP

exports[`InputComponent should match snapshot 1`] = `
<md-input
  class=""
  clear="false"
  control={[Function FormControl]}
  determineErrorType={[Function Function]}
  disabled="false"
  errorObj={[Function Object]}
  filterErrorsByType={[Function Function]}
  handleBlur={[Function EventEmitter]}
  handleFocus={[Function EventEmitter]}
  handleKeyDown={[Function EventEmitter]}
  handleMouseDown={[Function EventEmitter]}
  htmlId=""
  innerValue=""
  inputClass=""
  inputHelpText=""
  inputSize=""
  label=""
  name=""
  onChangeCallback={[Function Function]}
  onTouchedCallback={[Function Function]}
  placeholder=""
  readOnly="false"
  secondaryLabel=""
  type={[Function String]}
>
  <div
    class="md-input-group"
    ng-reflect-klass="md-input-group"
    ng-reflect-ng-class="[object Object]"
  >
    
    
    <input
      class="md-input ng-untouched ng-pristine ng-valid"
      id=""
      ng-reflect-klass="md-input"
      ng-reflect-model=""
      ng-reflect-name=""
      ng-reflect-ng-class="[object Object]"
      placeholder=""
      type="text"
    />
    
    
    
    
    
  </div>
</md-input>
`;
