// Jest Snapshot v1, https://goo.gl/fbAQLP

exports[`ListComponent should create and match snapshot 1`] = `
<cui-list
  _isTabTypeOptionValid={[Function Function]}
  _isTypeOptionValid={[Function Function]}
  _ngZone={[Function NgZone]}
  cd={[Function ViewRef_]}
  class=""
  id={[Function String]}
  itemRole={[Function String]}
  listItems={[Function QueryList]}
  optionSelectionChanges={[Function Observable]}
  role={[Function String]}
  select={[Function EventEmitter]}
  tabType={[Function String]}
  type="null"
  wrap="false"
>
  
</cui-list>
`;
