// Jest Snapshot v1, https://jestjs.io/docs/snapshot-testing

exports[`tests for <DeviceListCall /> should match SnapShot 1`] = `
<List className="" onSelect={[Function (anonymous)]} active={{...}} ariaConfig={{...}} id={{...}} itemRole="listitem" focus={{...}} focusFirst={true} focusFirstQuery="" focusQuery="" navigationDirection="both" shouldPropagateKeyDown={false} role="list" shouldFocusActive={false} shouldFocusInitial={true} shouldLoop={true} tabType="vertical" trackActive={true} type={{...}} wrap={false}>
  <ListItemHeader header="Device selection" className="" id="" isReadOnly={true} title="" type="" />
  <UIDConsumer name={[Function: name]}>
    [function]
  </UIDConsumer>
  <UIDConsumer name={[Function: name]}>
    [function]
  </UIDConsumer>
</List>
`;
