// Jest Snapshot v1, https://goo.gl/fbAQLP

exports[`tests for <DeviceListCall /> should match SnapShot 1`] = `
<List
  active={null}
  ariaConfig={null}
  className=""
  focus={null}
  focusFirst={true}
  focusFirstQuery=""
  focusQuery=""
  id={null}
  itemRole="listitem"
  navigationDirection="both"
  onSelect={[Function]}
  role="list"
  shouldFocusActive={false}
  shouldFocusInitial={true}
  shouldLoop={true}
  shouldPropagateKeyDown={false}
  tabType="vertical"
  trackActive={true}
  type={null}
  wrap={false}
>
  <ListItemHeader
    className=""
    header="Device selection"
    id=""
    isReadOnly={true}
    title=""
    type=""
  />
  <Component
    key="device-0"
    name={[Function]}
  >
    <Component />
  </Component>
  <Component
    key="device-1"
    name={[Function]}
  >
    <Component />
  </Component>
</List>
`;
