// Jest Snapshot v1, https://jestjs.io/docs/snapshot-testing

exports[`<SidebarNav /> should render a SidebarNav 1`] = `
<UIDFork>
  <ContextProvider value={{...}}>
    <div className="md-sidebar-nav">
      <List className="md-sidebar-nav__group md-sidebar-nav__group--primary" focusQuery="\\n                .md-sidebar-nav__group--primary > .md-list-item:not(.disabled):not(:disabled):not(.md-list-item--read-only),\\n                .md-sidebar-nav__group--secondary.md-sidebar-nav__group--expanded > .md-list-item:not(.disabled):not(:disabled):not(.md-list-item--read-only),\\n                .md-sidebar-nav__group--secondary.md-sidebar-nav__group--expanded > .md-sidebar-nav__group--expanded > .md-list-item:not(.disabled):not(:disabled):not(.md-list-item--read-only)\\n                \\n              " navSectionTitle="Overview" active={{...}} ariaConfig={{...}} id={{...}} itemRole="listitem" focus={{...}} focusFirst={true} focusFirstQuery="" navigationDirection="both" onSelect={{...}} shouldPropagateKeyDown={false} role="list" shouldFocusActive={false} shouldFocusInitial={true} shouldLoop={true} tabType="vertical" trackActive={true} type={{...}} wrap={false} />
    </div>
  </ContextProvider>
</UIDFork>
`;
