// Jest Snapshot v1, https://goo.gl/fbAQLP

exports[`<SidebarNav /> should render a SidebarNav 1`] = `
<Component>
  <ContextProvider
    value={
      Object {
        "level": "primary",
      }
    }
  >
    <div
      className="md-sidebar-nav"
    >
      <List
        active={null}
        ariaConfig={null}
        className="md-sidebar-nav__group md-sidebar-nav__group--primary"
        focus={null}
        focusFirst={true}
        focusFirstQuery=""
        focusQuery="
                .md-sidebar-nav__group--primary > .md-list-item:not(.disabled):not(:disabled):not(.md-list-item--read-only),
                .md-sidebar-nav__group--secondary.md-sidebar-nav__group--expanded > .md-list-item:not(.disabled):not(:disabled):not(.md-list-item--read-only),
                .md-sidebar-nav__group--secondary.md-sidebar-nav__group--expanded > .md-sidebar-nav__group--expanded > .md-list-item:not(.disabled):not(:disabled):not(.md-list-item--read-only)
                
              "
        id={null}
        itemRole="listitem"
        navSectionTitle="Overview"
        navigationDirection="both"
        onSelect={null}
        role="list"
        shouldFocusActive={false}
        shouldFocusInitial={true}
        shouldLoop={true}
        shouldPropagateKeyDown={false}
        tabType="vertical"
        trackActive={true}
        type={null}
        wrap={false}
      />
    </div>
  </ContextProvider>
</Component>
`;
