// Jest Snapshot v1, https://goo.gl/fbAQLP

exports[`Card Test should create and match snapshot 1`] = `
<md-card
  class="small-3 columns md-card md-card--clickable"
  clickable="true"
  ng-reflect-clickable="true"
  tabindex="0"
>
  <md-card-section
    class="md-card-section"
  >
    <div>
      <h4>
        Title
      </h4>
      <h6>
        Subtitle
      </h6>
    </div>
  </md-card-section>
  <md-card-section
    class="md-card-section md-card-section--full"
    ng-reflect-full="true"
  >
    <img
      src="https://place-hold.it/400x400"
    />
  </md-card-section>
  <md-card-section
    class="md-card-section"
  >
     Content 
  </md-card-section>
  <md-card-section
    class="md-card-section"
  >
    FOOTER
  </md-card-section>
</md-card>
`;
