// Jest Snapshot v1, https://goo.gl/fbAQLP

exports[`tests for <CompositeAvatar /> should match SnapShot 1`] = `
<div
  className="md-composite-avatar md-composite-avatar--medium"
>
  <Avatar
    alt=""
    backgroundColor=""
    buttonClassName=""
    className={null}
    color=""
    failureBadge={false}
    hasNotification={false}
    hideDefaultTooltip={false}
    icon={null}
    initials={null}
    isDecrypting={false}
    isOverview={false}
    onClick={null}
    size="medium"
    src={null}
    theme={null}
    title="test1"
    type=""
  />
  <Avatar
    alt=""
    backgroundColor=""
    buttonClassName=""
    className={null}
    color=""
    failureBadge={false}
    hasNotification={false}
    hideDefaultTooltip={false}
    icon={null}
    initials={null}
    isDecrypting={false}
    isOverview={false}
    onClick={null}
    size="medium"
    src={null}
    theme={null}
    title="test2"
    type=""
  />
</div>
`;
