// Jest Snapshot v1, https://jestjs.io/docs/snapshot-testing

exports[`tests for <CompositeAvatar /> should match SnapShot 1`] = `
<div className="md-composite-avatar md-composite-avatar--medium">
  <Avatar title="test1" alt="" backgroundColor="" buttonClassName="" className={{...}} color="" failureBadge={false} hasNotification={false} hideDefaultTooltip={false} icon={{...}} initials={{...}} isDecrypting={false} isOverview={false} onClick={{...}} size="medium" src={{...}} theme={{...}} type="" />
  <Avatar title="test2" alt="" backgroundColor="" buttonClassName="" className={{...}} color="" failureBadge={false} hasNotification={false} hideDefaultTooltip={false} icon={{...}} initials={{...}} isDecrypting={false} isOverview={false} onClick={{...}} size="medium" src={{...}} theme={{...}} type="" />
</div>
`;
