// Jest Snapshot v1, https://jestjs.io/docs/snapshot-testing

exports[`tests for <ListItemMeeting /> should match SnapShot 1`] = `
<ContextTransform(ListItem) className="md-list-item-meeting" id="" title="testHeader" type={60} onClick={[Function (anonymous)]}>
  <ListItemSection position="left" className="" />
  <ListItemSection position="center" className="">
    <div className="md-list-item__header">
      <span>
        testHeader
      </span>
    </div>
    <div className="md-list-item__space-link" />
  </ListItemSection>
  <ListItemSection position="right" className="" />
</ContextTransform(ListItem)>
`;
