// Jest Snapshot v1, https://goo.gl/fbAQLP

exports[`ComboBoxComponent should create and match snapshot 1`] = `
<test-combo-box
  clear="false"
  comboBoxComponent={[Function ComboBoxComponent]}
  hasSearchIcon={[Function Boolean]}
  options={[Function Array]}
  value=""
>
  <md-combo-box
    aria-haspopup="listbox"
    class="md-combo-box test ng-untouched ng-pristine ng-valid"
    ng-reflect-clear="false"
    ng-reflect-has-search-icon="true"
    ng-reflect-model=""
    ng-reflect-ng-class="test"
    ng-reflect-options="a,ab,abc"
    ng-reflect-value=""
    role="combobox"
  >
    <div
      cdk-overlay-origin=""
    >
      <md-input-container
        class="md-input-container"
        ng-reflect-clear="false"
      >
        
        <div
          class="md-input__wrapper"
          ng-reflect-klass="md-input__wrapper"
          ng-reflect-ng-class=""
        >
          <input
            aria-autocomplete="list"
            class="md-input md-input--before"
            id="md-input-0"
            mdinput=""
            ng-reflect-disabled="false"
            ng-reflect-is-disabled="false"
            ng-reflect-model=""
            ng-reflect-placeholder=""
            placeholder=""
          />
          
          <md-input-section
            class="md-input__before"
          >
            <md-icon
              class="md-icon icon icon-search_20"
              name="search_20"
              ng-reflect-name="search_20"
            >
              
            </md-icon>
          </md-input-section>
          
        </div>
        
        
        
      </md-input-container>
    </div>
    
  </md-combo-box>
</test-combo-box>
`;
