// Jest Snapshot v1, https://goo.gl/fbAQLP

exports[`AlertService should match snapshot 1`] = `
<div
  class="cdk-overlay-container"
/>
`;

exports[`AlertService should render a md-alert-container html element in bottom-right by default 1`] = `
<div
  class="cdk-overlay-container"
>
  <div
    dir="ltr"
  >
    <div
      class="cdk-overlay-pane"
      id="cdk-overlay-0"
      style="pointer-events: auto;"
    >
      <md-alert-container
        class="md-alert__container md-alert__container--bottom-right"
        role="alert"
      >
        
        
        <md-alert
          class="md-alert md-alert--info"
          ng-reflect-aria-label="Close"
          ng-reflect-closable="true"
          ng-reflect-key="alert_1"
          ng-reflect-message="Jefe Guadelupe, unit tesing li"
          ng-reflect-title="Now Hear This!"
          ng-reflect-type="info"
        >
          <div
            class="md-alert__icon"
          />
          <div
            class="md-alert__content"
          >
            <div
              class="md-alert__title"
            >
              Now Hear This!
            </div>
            <div
              class="md-alert__message"
            >
              Jefe Guadelupe, unit tesing like a boss!
            </div>
          </div>
          
          <div
            class="md-alert__button"
          >
            <button
              active="false"
              aria-label="Close"
              class="md-button md-button--44 md-button--circle"
              href=""
              md-button=""
              ng-reflect-circle="true"
              ng-reflect-size="44"
              size="44"
              tabindex="0"
              type="button"
            >
              
              <span
                class="md-button__children"
                ng-reflect-ng-style="[object Object]"
                style="opacity: 1;"
              >
                <md-icon
                  class="md-icon icon icon-cancel_16"
                  name="cancel_16"
                  ng-reflect-name="cancel_16"
                  style="display:inline-flex;"
                >
                  
                </md-icon>
              </span>
            </button>
          </div>
        </md-alert>
      </md-alert-container>
    </div>
  </div>
</div>
`;
