// Jest Snapshot v1, https://goo.gl/fbAQLP

exports[`tests for <Menu /> should render a Menu 1`] = `
ShallowWrapper {
  Symbol(enzyme.__root__): [Circular],
  Symbol(enzyme.__unrendered__): <Menu
    ariaLabel=""
    className=""
  >
    <MenuItem
      className=""
      index={null}
      isHeader={false}
      isOpen={false}
      keepMenuOpen={false}
      label="one"
      onClick={null}
      value=""
    />
  </Menu>,
  Symbol(enzyme.__renderer__): Object {
    "batchedUpdates": [Function],
    "getNode": [Function],
    "render": [Function],
    "simulateEvent": [Function],
    "unmount": [Function],
  },
  Symbol(enzyme.__node__): Object {
    "instance": null,
    "key": undefined,
    "nodeType": "host",
    "props": Object {
      "aria-label": "",
      "children": Array [
        <MenuItem
          className=""
          focus={true}
          index={
            Array [
              0,
            ]
          }
          isHeader={false}
          isOpen={false}
          keepMenuOpen={false}
          label="one"
          onClick={null}
          value=""
        />,
      ],
      "className": "cui-menu cui-menu-item-container",
      "role": "menubar",
    },
    "ref": null,
    "rendered": Array [
      Object {
        "instance": null,
        "key": ".0",
        "nodeType": "class",
        "props": Object {
          "children": null,
          "className": "",
          "focus": true,
          "index": Array [
            0,
          ],
          "isHeader": false,
          "isOpen": false,
          "keepMenuOpen": false,
          "label": "one",
          "onClick": null,
          "value": "",
        },
        "ref": null,
        "rendered": null,
        "type": [Function],
      },
    ],
    "type": "div",
  },
  Symbol(enzyme.__nodes__): Array [
    Object {
      "instance": null,
      "key": undefined,
      "nodeType": "host",
      "props": Object {
        "aria-label": "",
        "children": Array [
          <MenuItem
            className=""
            focus={true}
            index={
              Array [
                0,
              ]
            }
            isHeader={false}
            isOpen={false}
            keepMenuOpen={false}
            label="one"
            onClick={null}
            value=""
          />,
        ],
        "className": "cui-menu cui-menu-item-container",
        "role": "menubar",
      },
      "ref": null,
      "rendered": Array [
        Object {
          "instance": null,
          "key": ".0",
          "nodeType": "class",
          "props": Object {
            "children": null,
            "className": "",
            "focus": true,
            "index": Array [
              0,
            ],
            "isHeader": false,
            "isOpen": false,
            "keepMenuOpen": false,
            "label": "one",
            "onClick": null,
            "value": "",
          },
          "ref": null,
          "rendered": null,
          "type": [Function],
        },
      ],
      "type": "div",
    },
  ],
  Symbol(enzyme.__options__): Object {
    "adapter": ReactFifteenAdapter {
      "options": Object {
        "lifecycles": Object {
          "componentDidUpdate": Object {
            "prevContext": true,
          },
        },
        "supportPrevContextArgumentOfComponentDidUpdate": true,
      },
    },
    "attachTo": undefined,
    "hydrateIn": undefined,
  },
}
`;
