// Jest Snapshot v1, https://jestjs.io/docs/snapshot-testing

exports[`tests for <Popover /> should match SnapShot 1`] = `
<Fragment>
  <button onMouseEnter={[Function (anonymous)]} onMouseLeave={[Function (anonymous)]} onFocus={[Function (anonymous)]} onBlur={[Function (anonymous)]}>
    Hello
  </button>
</Fragment>
`;
