// Jest Snapshot v1, https://goo.gl/fbAQLP

exports[`<Sidebar /> should render a Sidebar 1`] = `
<div
  className="md-sidebar__wrapper"
>
  <div
    className="md-sidebar md-sidebar--global md-sidebar--indented"
  >
    <ContextProvider
      value={
        Object {
          "primary": true,
          "secondary": false,
          "setContext": [Function],
          "tertiary": false,
        }
      }
    >
      <Component />
    </ContextProvider>
  </div>
</div>
`;
