// Jest Snapshot v1, https://jestjs.io/docs/snapshot-testing

exports[`<Sidebar /> should render a Sidebar 1`] = `
<div className="md-sidebar__wrapper">
  <div className="md-sidebar md-sidebar--global md-sidebar--indented">
    <ContextProvider value={{...}}>
      <UIDReset />
    </ContextProvider>
  </div>
</div>
`;
